// Jest Snapshot v1, https://goo.gl/fbAQLP

exports[`channel actions creates TOGGLE_CHANNEL_LIST, UPDATE_ACTIVE_CHANNEL, UPDATE STATUS, and ENABLE_SEARCH_BAR when a channel is selected 1`] = `
Array [
  Object {
    "type": "TOGGLE_CHANNEL_LIST",
  },
  Object {
    "payload": "8ef09d6c-1eda-4e1e-aeec-e3ddff47dd45",
    "type": "UPDATE_ACTIVE_CHANNEL",
  },
  Object {
    "payload": Object {
      "thumbnail": "https://yt3.ggpht.com/photo.jpg",
      "title": "DevTips",
    },
    "type": "UPDATE_STATUS",
  },
  Object {
    "payload": "DevTips",
    "type": "ENABLE_SEARCH_BAR",
  },
]
`;

exports[`channel actions should create an action to update the active channel 1`] = `
Object {
  "payload": "8ef09d6c-1eda-4e1e-aeec-e3ddff47dd45",
  "type": "UPDATE_ACTIVE_CHANNEL",
}
`;
