// Jest Snapshot v1, https://goo.gl/fbAQLP

exports[`BlankState should render self 1`] = `
<div
  className="blankState black"
>
  <Component
    className="iconInfo"
  />
  <p
    className="message"
  >
    No channels found.
  </p>
</div>
`;
