// Jest Snapshot v1, https://goo.gl/fbAQLP

exports[`Loader should render self 1`] = `
<div
  className="loader"
>
  <Component
    className="iconSpinner"
  />
</div>
`;
